 Image coding-evoagent Building 
#1 [internal] load local bake definitions
#1 reading from stdin 625B 0.0s done
#1 DONE 0.0s

#2 [internal] load build definition from Dockerfile
#2 transferring dockerfile: 306B 0.0s done
#2 DONE 0.1s

#3 [internal] load metadata for docker.io/library/python:3.11-slim
#3 DONE 4.3s

#4 [internal] load .dockerignore
#4 transferring context: 80B 0.0s done
#4 DONE 0.1s

#5 [internal] load build context
#5 transferring context: 347.64kB 0.1s done
#5 DONE 0.1s

#6 [1/7] FROM docker.io/library/python:3.11-slim@sha256:be1575ed968de893bd54f4c56315ff7c4736ce522c1bca08fd521731aafc0d76
#6 resolve docker.io/library/python:3.11-slim@sha256:be1575ed968de893bd54f4c56315ff7c4736ce522c1bca08fd521731aafc0d76 0.1s done
#6 DONE 0.1s

#7 [2/7] WORKDIR /app
#7 CACHED

#8 [3/7] COPY requirements.txt .
#8 DONE 0.1s

#9 [4/7] RUN pip install --no-cache-dir -r requirements.txt
#9 4.821 Collecting psycopg<4,>=3.1 (from psycopg[binary]<4,>=3.1->-r requirements.txt (line 1))
#9 5.315   Downloading psycopg-3.3.4-py3-none-any.whl.metadata (4.3 kB)
#9 5.547 Collecting redis<7,>=5 (from -r requirements.txt (line 2))
#9 5.622   Downloading redis-6.4.0-py3-none-any.whl.metadata (10 kB)
#9 5.756 Collecting PyJWT<3,>=2.8 (from PyJWT[crypto]<3,>=2.8->-r requirements.txt (line 3))
#9 5.834   Downloading pyjwt-2.13.0-py3-none-any.whl.metadata (3.4 kB)
#9 6.000 Collecting opentelemetry-sdk<2,>=1.24 (from -r requirements.txt (line 4))
#9 6.079   Downloading opentelemetry_sdk-1.44.0-py3-none-any.whl.metadata (1.6 kB)
#9 6.210 Collecting opentelemetry-exporter-otlp-proto-http<2,>=1.24 (from -r requirements.txt (line 5))
#9 6.289   Downloading opentelemetry_exporter_otlp_proto_http-1.44.0-py3-none-any.whl.metadata (2.4 kB)
#9 6.591 Collecting akshare<2,>=1.14 (from -r requirements.txt (line 6))
#9 6.666   Downloading akshare-1.18.94-py3-none-any.whl.metadata (14 kB)
#9 7.138 Collecting pandas<3,>=2.0 (from -r requirements.txt (line 7))
#9 7.216   Downloading pandas-2.3.3-cp311-cp311-manylinux_2_24_x86_64.manylinux_2_28_x86_64.whl.metadata (91 kB)
#9 7.318      ━━━━━━━━━━━━━━━━━━━━━━━━━━━━━━━━━━━━━━━ 91.2/91.2 kB 960.8 kB/s eta 0:00:00
#9 7.657 Collecting typing-extensions>=4.6 (from psycopg<4,>=3.1->psycopg[binary]<4,>=3.1->-r requirements.txt (line 1))
#9 7.737   Downloading typing_extensions-4.16.0-py3-none-any.whl.metadata (3.3 kB)
#9 7.938 Collecting opentelemetry-api==1.44.0 (from opentelemetry-sdk<2,>=1.24->-r requirements.txt (line 4))
#9 8.018   Downloading opentelemetry_api-1.44.0-py3-none-any.whl.metadata (1.4 kB)
#9 8.152 Collecting opentelemetry-semantic-conventions==0.65b0 (from opentelemetry-sdk<2,>=1.24->-r requirements.txt (line 4))
#9 8.228   Downloading opentelemetry_semantic_conventions-0.65b0-py3-none-any.whl.metadata (2.4 kB)
#9 8.397 Collecting googleapis-common-protos~=1.52 (from opentelemetry-exporter-otlp-proto-http<2,>=1.24->-r requirements.txt (line 5))
#9 8.473   Downloading googleapis_common_protos-1.75.2-py3-none-any.whl.metadata (8.5 kB)
#9 8.605 Collecting opentelemetry-exporter-otlp-proto-common==1.44.0 (from opentelemetry-exporter-otlp-proto-http<2,>=1.24->-r requirements.txt (line 5))
#9 8.684   Downloading opentelemetry_exporter_otlp_proto_common-1.44.0-py3-none-any.whl.metadata (1.8 kB)
#9 8.821 Collecting opentelemetry-proto==1.44.0 (from opentelemetry-exporter-otlp-proto-http<2,>=1.24->-r requirements.txt (line 5))
#9 8.897   Downloading opentelemetry_proto-1.44.0-py3-none-any.whl.metadata (2.3 kB)
#9 9.079 Collecting requests~=2.7 (from opentelemetry-exporter-otlp-proto-http<2,>=1.24->-r requirements.txt (line 5))
#9 9.153   Downloading requests-2.34.2-py3-none-any.whl.metadata (4.8 kB)
#9 9.787 Collecting protobuf<8.0,>=5.0 (from opentelemetry-proto==1.44.0->opentelemetry-exporter-otlp-proto-http<2,>=1.24->-r requirements.txt (line 5))
#9 9.882   Downloading protobuf-7.36.0-cp310-abi3-manylinux2014_x86_64.whl.metadata (595 bytes)
#9 10.06 Collecting beautifulsoup4>=4.9.1 (from akshare<2,>=1.14->-r requirements.txt (line 6))
#9 10.14   Downloading beautifulsoup4-4.15.0-py3-none-any.whl.metadata (3.8 kB)
#9 11.20 Collecting lxml>=4.2.1 (from akshare<2,>=1.14->-r requirements.txt (line 6))
#9 11.27   Downloading lxml-6.1.2-cp311-cp311-manylinux_2_26_x86_64.manylinux_2_28_x86_64.whl.metadata (3.3 kB)
#9 11.62 Collecting curl_cffi>=0.13.0 (from akshare<2,>=1.14->-r requirements.txt (line 6))
#9 11.69   Downloading curl_cffi-0.16.2-cp310-abi3-manylinux2014_x86_64.manylinux_2_17_x86_64.whl.metadata (17 kB)
#9 11.80 Collecting html5lib>=1.0.1 (from akshare<2,>=1.14->-r requirements.txt (line 6))
#9 11.88   Downloading html5lib-1.1-py2.py3-none-any.whl.metadata (16 kB)
#9 11.99 Collecting xlrd>=1.2.0 (from akshare<2,>=1.14->-r requirements.txt (line 6))
#9 12.06   Downloading xlrd-2.0.2-py2.py3-none-any.whl.metadata (3.5 kB)
#9 12.21 Collecting urllib3>=1.25.8 (from akshare<2,>=1.14->-r requirements.txt (line 6))
#9 12.29   Downloading urllib3-2.7.0-py3-none-any.whl.metadata (6.9 kB)
#9 12.50 Collecting tqdm>=4.43.0 (from akshare<2,>=1.14->-r requirements.txt (line 6))
#9 12.57   Downloading tqdm-4.70.0-py3-none-any.whl.metadata (57 kB)
#9 12.59      ━━━━━━━━━━━━━━━━━━━━━━━━━━━━━━━━━━━━━━━━ 57.3/57.3 kB 5.2 MB/s eta 0:00:00
#9 12.74 Collecting openpyxl>=3.0.3 (from akshare<2,>=1.14->-r requirements.txt (line 6))
#9 12.83   Downloading openpyxl-3.1.5-py2.py3-none-any.whl.metadata (2.5 kB)
#9 12.92 Collecting jsonpath>=0.82 (from akshare<2,>=1.14->-r requirements.txt (line 6))
#9 13.00   Downloading jsonpath-0.82.2.tar.gz (10 kB)
#9 13.03   Preparing metadata (setup.py): started
#9 14.48   Preparing metadata (setup.py): finished with status 'done'
#9 14.60 Collecting tabulate>=0.8.6 (from akshare<2,>=1.14->-r requirements.txt (line 6))
#9 14.67   Downloading tabulate-0.10.0-py3-none-any.whl.metadata (40 kB)
#9 14.69      ━━━━━━━━━━━━━━━━━━━━━━━━━━━━━━━━━━━━━━━━ 40.8/40.8 kB 2.8 MB/s eta 0:00:00
#9 14.81 Collecting decorator>=4.4.2 (from akshare<2,>=1.14->-r requirements.txt (line 6))
#9 14.88   Downloading decorator-5.3.1-py3-none-any.whl.metadata (3.9 kB)
#9 15.02 Collecting py-mini-racer>=0.6.0 (from akshare<2,>=1.14->-r requirements.txt (line 6))
#9 15.10   Downloading py_mini_racer-0.6.0-py2.py3-none-manylinux1_x86_64.whl.metadata (8.7 kB)
#9 15.20 Collecting akracer>=0.0.13 (from akshare<2,>=1.14->-r requirements.txt (line 6))
#9 15.28   Downloading akracer-0.0.14-py3-none-any.whl.metadata (3.3 kB)
#9 16.23 Collecting numpy>=1.23.2 (from pandas<3,>=2.0->-r requirements.txt (line 7))
#9 16.31   Downloading numpy-2.4.6-cp311-cp311-manylinux_2_27_x86_64.manylinux_2_28_x86_64.whl.metadata (6.6 kB)
#9 16.43 Collecting python-dateutil>=2.8.2 (from pandas<3,>=2.0->-r requirements.txt (line 7))
#9 16.52   Downloading python_dateutil-2.9.0.post0-py2.py3-none-any.whl.metadata (8.4 kB)
#9 16.71 Collecting pytz>=2020.1 (from pandas<3,>=2.0->-r requirements.txt (line 7))
#9 16.79   Downloading pytz-2026.3.post1-py2.py3-none-any.whl.metadata (22 kB)
#9 16.92 Collecting tzdata>=2022.7 (from pandas<3,>=2.0->-r requirements.txt (line 7))
#9 17.01   Downloading tzdata-2026.3-py2.py3-none-any.whl.metadata (1.4 kB)
#9 17.77 Collecting psycopg-binary==3.3.4 (from psycopg[binary]<4,>=3.1->-r requirements.txt (line 1))
#9 17.84   Downloading psycopg_binary-3.3.4-cp311-cp311-manylinux2014_x86_64.manylinux_2_17_x86_64.whl.metadata (2.7 kB)
#9 18.59 Collecting cryptography>=3.4.0 (from PyJWT[crypto]<3,>=2.8->-r requirements.txt (line 3))
#9 18.67   Downloading cryptography-50.0.1-cp311-abi3-manylinux_2_34_x86_64.whl.metadata (4.3 kB)
#9 18.80 Collecting soupsieve>=1.6.1 (from beautifulsoup4>=4.9.1->akshare<2,>=1.14->-r requirements.txt (line 6))
#9 18.87   Downloading soupsieve-2.9.2-py3-none-any.whl.metadata (4.6 kB)
#9 19.39 Collecting cffi>=2.0.0 (from cryptography>=3.4.0->PyJWT[crypto]<3,>=2.8->-r requirements.txt (line 3))
#9 19.47   Downloading cffi-2.1.1-cp311-cp311-manylinux2014_x86_64.manylinux_2_17_x86_64.whl.metadata (2.5 kB)
#9 19.65 Collecting certifi>=2024.2.2 (from curl_cffi>=0.13.0->akshare<2,>=1.14->-r requirements.txt (line 6))
#9 19.72   Downloading certifi-2026.7.22-py3-none-any.whl.metadata (2.5 kB)
#9 19.95 Collecting six>=1.9 (from html5lib>=1.0.1->akshare<2,>=1.14->-r requirements.txt (line 6))
#9 20.02   Downloading six-1.17.0-py2.py3-none-any.whl.metadata (1.7 kB)
#9 20.13 Collecting webencodings (from html5lib>=1.0.1->akshare<2,>=1.14->-r requirements.txt (line 6))
#9 20.21   Downloading webencodings-0.6.1-py3-none-any.whl.metadata (3.4 kB)
#9 20.33 Collecting et-xmlfile (from openpyxl>=3.0.3->akshare<2,>=1.14->-r requirements.txt (line 6))
#9 20.41   Downloading et_xmlfile-2.0.0-py3-none-any.whl.metadata (2.7 kB)
#9 21.10 Collecting charset_normalizer<4,>=2 (from requests~=2.7->opentelemetry-exporter-otlp-proto-http<2,>=1.24->-r requirements.txt (line 5))
#9 21.18   Downloading charset_normalizer-3.5.1-cp311-cp311-manylinux2014_x86_64.manylinux_2_17_x86_64.manylinux_2_28_x86_64.whl.metadata (45 kB)
#9 21.20      ━━━━━━━━━━━━━━━━━━━━━━━━━━━━━━━━━━━━━━━━ 45.9/45.9 kB 2.8 MB/s eta 0:00:00
#9 21.33 Collecting idna<4,>=2.5 (from requests~=2.7->opentelemetry-exporter-otlp-proto-http<2,>=1.24->-r requirements.txt (line 5))
#9 21.40   Downloading idna-3.19-py3-none-any.whl.metadata (9.2 kB)
#9 21.76 Collecting pycparser (from cffi>=2.0.0->cryptography>=3.4.0->PyJWT[crypto]<3,>=2.8->-r requirements.txt (line 3))
#9 21.84   Downloading pycparser-3.0-py3-none-any.whl.metadata (8.2 kB)
#9 22.05 Downloading psycopg-3.3.4-py3-none-any.whl (213 kB)
#9 22.15    ━━━━━━━━━━━━━━━━━━━━━━━━━━━━━━━━━━━━━━━━ 213.0/213.0 kB 2.4 MB/s eta 0:00:00
#9 22.23 Downloading redis-6.4.0-py3-none-any.whl (279 kB)
#9 22.30    ━━━━━━━━━━━━━━━━━━━━━━━━━━━━━━━━━━━━━━━━ 279.8/279.8 kB 4.1 MB/s eta 0:00:00
#9 22.38 Downloading pyjwt-2.13.0-py3-none-any.whl (31 kB)
#9 22.46 Downloading opentelemetry_sdk-1.44.0-py3-none-any.whl (137 kB)
#9 22.48    ━━━━━━━━━━━━━━━━━━━━━━━━━━━━━━━━━━━━━━━━ 137.2/137.2 kB 10.8 MB/s eta 0:00:00
#9 22.57 Downloading opentelemetry_api-1.44.0-py3-none-any.whl (60 kB)
#9 22.60    ━━━━━━━━━━━━━━━━━━━━━━━━━━━━━━━━━━━━━━━━ 60.0/60.0 kB 3.7 MB/s eta 0:00:00
#9 22.68 Downloading opentelemetry_semantic_conventions-0.65b0-py3-none-any.whl (204 kB)
#9 22.70    ━━━━━━━━━━━━━━━━━━━━━━━━━━━━━━━━━━━━━━━━ 204.6/204.6 kB 11.0 MB/s eta 0:00:00
#9 22.78 Downloading opentelemetry_exporter_otlp_proto_http-1.44.0-py3-none-any.whl (21 kB)
#9 22.86 Downloading opentelemetry_exporter_otlp_proto_common-1.44.0-py3-none-any.whl (17 kB)
#9 22.94 Downloading opentelemetry_proto-1.44.0-py3-none-any.whl (72 kB)
#9 22.96    ━━━━━━━━━━━━━━━━━━━━━━━━━━━━━━━━━━━━━━━━ 72.5/72.5 kB 4.8 MB/s eta 0:00:00
#9 23.04 Downloading akshare-1.18.94-py3-none-any.whl (1.3 MB)
#9 23.23    ━━━━━━━━━━━━━━━━━━━━━━━━━━━━━━━━━━━━━━━━ 1.3/1.3 MB 7.0 MB/s eta 0:00:00
#9 23.30 Downloading pandas-2.3.3-cp311-cp311-manylinux_2_24_x86_64.manylinux_2_28_x86_64.whl (12.8 MB)
#9 25.39    ━━━━━━━━━━━━━━━━━━━━━━━━━━━━━━━━━━━━━━━━ 12.8/12.8 MB 5.7 MB/s eta 0:00:00
#9 25.47 Downloading psycopg_binary-3.3.4-cp311-cp311-manylinux2014_x86_64.manylinux_2_17_x86_64.whl (5.2 MB)
#9 26.65    ━━━━━━━━━━━━━━━━━━━━━━━━━━━━━━━━━━━━━━━━ 5.2/5.2 MB 4.4 MB/s eta 0:00:00
#9 26.73 Downloading akracer-0.0.14-py3-none-any.whl (10.1 MB)
#9 30.22    ━━━━━━━━━━━━━━━━━━━━━━━━━━━━━━━━━━━━━━━━ 10.1/10.1 MB 2.9 MB/s eta 0:00:00
#9 30.30 Downloading beautifulsoup4-4.15.0-py3-none-any.whl (109 kB)
#9 30.32    ━━━━━━━━━━━━━━━━━━━━━━━━━━━━━━━━━━━━━━━━ 109.9/109.9 kB 5.1 MB/s eta 0:00:00
#9 30.40 Downloading cryptography-50.0.1-cp311-abi3-manylinux_2_34_x86_64.whl (4.7 MB)
#9 31.91    ━━━━━━━━━━━━━━━━━━━━━━━━━━━━━━━━━━━━━━━━ 4.7/4.7 MB 3.1 MB/s eta 0:00:00
#9 31.99 Downloading curl_cffi-0.16.2-cp310-abi3-manylinux2014_x86_64.manylinux_2_17_x86_64.whl (13.5 MB)
#9 35.91    ━━━━━━━━━━━━━━━━━━━━━━━━━━━━━━━━━━━━━━━━ 13.5/13.5 MB 3.5 MB/s eta 0:00:00
#9 35.98 Downloading decorator-5.3.1-py3-none-any.whl (10 kB)
#9 36.07 Downloading googleapis_common_protos-1.75.2-py3-none-any.whl (307 kB)
#9 36.14    ━━━━━━━━━━━━━━━━━━━━━━━━━━━━━━━━━━━━━━━━ 307.0/307.0 kB 4.4 MB/s eta 0:00:00
#9 36.23 Downloading html5lib-1.1-py2.py3-none-any.whl (112 kB)
#9 36.25    ━━━━━━━━━━━━━━━━━━━━━━━━━━━━━━━━━━━━━━━━ 112.2/112.2 kB 7.2 MB/s eta 0:00:00
#9 36.33 Downloading lxml-6.1.2-cp311-cp311-manylinux_2_26_x86_64.manylinux_2_28_x86_64.whl (5.2 MB)
#9 37.55    ━━━━━━━━━━━━━━━━━━━━━━━━━━━━━━━━━━━━━━━━ 5.2/5.2 MB 4.3 MB/s eta 0:00:00
#9 37.62 Downloading numpy-2.4.6-cp311-cp311-manylinux_2_27_x86_64.manylinux_2_28_x86_64.whl (16.9 MB)
#9 40.32    ━━━━━━━━━━━━━━━━━━━━━━━━━━━━━━━━━━━━━━━━ 16.9/16.9 MB 7.1 MB/s eta 0:00:00
#9 40.40 Downloading openpyxl-3.1.5-py2.py3-none-any.whl (250 kB)
#9 40.43    ━━━━━━━━━━━━━━━━━━━━━━━━━━━━━━━━━━━━━━━━ 250.9/250.9 kB 10.3 MB/s eta 0:00:00
#9 40.51 Downloading py_mini_racer-0.6.0-py2.py3-none-manylinux1_x86_64.whl (5.4 MB)
#9 41.49    ━━━━━━━━━━━━━━━━━━━━━━━━━━━━━━━━━━━━━━━━ 5.4/5.4 MB 5.5 MB/s eta 0:00:00
#9 41.57 Downloading python_dateutil-2.9.0.post0-py2.py3-none-any.whl (229 kB)
#9 41.62    ━━━━━━━━━━━━━━━━━━━━━━━━━━━━━━━━━━━━━━━━ 229.9/229.9 kB 6.2 MB/s eta 0:00:00
#9 41.69 Downloading pytz-2026.3.post1-py2.py3-none-any.whl (508 kB)
#9 41.83    ━━━━━━━━━━━━━━━━━━━━━━━━━━━━━━━━━━━━━━━━ 508.3/508.3 kB 3.8 MB/s eta 0:00:00
#9 41.91 Downloading requests-2.34.2-py3-none-any.whl (73 kB)
#9 41.92    ━━━━━━━━━━━━━━━━━━━━━━━━━━━━━━━━━━━━━━━━ 73.1/73.1 kB 7.5 MB/s eta 0:00:00
#9 42.00 Downloading tabulate-0.10.0-py3-none-any.whl (39 kB)
#9 42.07 Downloading tqdm-4.70.0-py3-none-any.whl (80 kB)
#9 42.09    ━━━━━━━━━━━━━━━━━━━━━━━━━━━━━━━━━━━━━━━━ 80.2/80.2 kB 7.7 MB/s eta 0:00:00
#9 42.17 Downloading typing_extensions-4.16.0-py3-none-any.whl (45 kB)
#9 42.17    ━━━━━━━━━━━━━━━━━━━━━━━━━━━━━━━━━━━━━━━━ 45.6/45.6 kB 13.6 MB/s eta 0:00:00
#9 42.25 Downloading tzdata-2026.3-py2.py3-none-any.whl (348 kB)
#9 42.32    ━━━━━━━━━━━━━━━━━━━━━━━━━━━━━━━━━━━━━━━━ 348.2/348.2 kB 5.0 MB/s eta 0:00:00
#9 42.40 Downloading urllib3-2.7.0-py3-none-any.whl (131 kB)
#9 42.42    ━━━━━━━━━━━━━━━━━━━━━━━━━━━━━━━━━━━━━━━━ 131.1/131.1 kB 5.6 MB/s eta 0:00:00
#9 42.50 Downloading xlrd-2.0.2-py2.py3-none-any.whl (96 kB)
#9 42.51    ━━━━━━━━━━━━━━━━━━━━━━━━━━━━━━━━━━━━━━━━ 96.6/96.6 kB 6.8 MB/s eta 0:00:00
#9 42.59 Downloading certifi-2026.7.22-py3-none-any.whl (136 kB)
#9 42.61    ━━━━━━━━━━━━━━━━━━━━━━━━━━━━━━━━━━━━━━━━ 137.0/137.0 kB 5.7 MB/s eta 0:00:00
#9 42.69 Downloading cffi-2.1.1-cp311-cp311-manylinux2014_x86_64.manylinux_2_17_x86_64.whl (217 kB)
#9 42.73    ━━━━━━━━━━━━━━━━━━━━━━━━━━━━━━━━━━━━━━━━ 217.8/217.8 kB 6.3 MB/s eta 0:00:00
#9 42.81 Downloading charset_normalizer-3.5.1-cp311-cp311-manylinux2014_x86_64.manylinux_2_17_x86_64.manylinux_2_28_x86_64.whl (262 kB)
#9 42.93    ━━━━━━━━━━━━━━━━━━━━━━━━━━━━━━━━━━━━━━━━ 262.3/262.3 kB 2.2 MB/s eta 0:00:00
#9 43.01 Downloading idna-3.19-py3-none-any.whl (68 kB)
#9 43.03    ━━━━━━━━━━━━━━━━━━━━━━━━━━━━━━━━━━━━━━━━ 68.5/68.5 kB 4.4 MB/s eta 0:00:00
#9 43.12 Downloading protobuf-7.36.0-cp310-abi3-manylinux2014_x86_64.whl (340 kB)
#9 43.21    ━━━━━━━━━━━━━━━━━━━━━━━━━━━━━━━━━━━━━━━━ 340.4/340.4 kB 3.8 MB/s eta 0:00:00
#9 43.29 Downloading six-1.17.0-py2.py3-none-any.whl (11 kB)
#9 43.37 Downloading soupsieve-2.9.2-py3-none-any.whl (37 kB)
#9 43.45 Downloading et_xmlfile-2.0.0-py3-none-any.whl (18 kB)
#9 43.54 Downloading webencodings-0.6.1-py3-none-any.whl (8.7 kB)
#9 43.61 Downloading pycparser-3.0-py3-none-any.whl (48 kB)
#9 43.63    ━━━━━━━━━━━━━━━━━━━━━━━━━━━━━━━━━━━━━━━━ 48.2/48.2 kB 5.8 MB/s eta 0:00:00
#9 43.96 Building wheels for collected packages: jsonpath
#9 43.97   Building wheel for jsonpath (setup.py): started
#9 45.31   Building wheel for jsonpath (setup.py): finished with status 'done'
#9 45.31   Created wheel for jsonpath: filename=jsonpath-0.82.2-py3-none-any.whl size=5669 sha256=83048366490a6deff54935348b1cdaead2287ea41453276329f99f250045b847
#9 45.31   Stored in directory: /tmp/pip-ephem-wheel-cache-iv6hnact/wheels/7d/b8/16/48bbd715040679311fa68cb564ad24a97d9a67fea5d4c848c8
#9 45.32 Successfully built jsonpath
#9 45.94 Installing collected packages: pytz, py-mini-racer, jsonpath, xlrd, webencodings, urllib3, tzdata, typing-extensions, tqdm, tabulate, soupsieve, six, redis, PyJWT, pycparser, psycopg-binary, protobuf, numpy, lxml, idna, et-xmlfile, decorator, charset_normalizer, certifi, akracer, requests, python-dateutil, psycopg, opentelemetry-proto, opentelemetry-api, openpyxl, html5lib, googleapis-common-protos, cffi, beautifulsoup4, pandas, opentelemetry-semantic-conventions, opentelemetry-exporter-otlp-proto-common, curl_cffi, cryptography, opentelemetry-sdk, akshare, opentelemetry-exporter-otlp-proto-http
#9 69.09 Successfully installed PyJWT-2.13.0 akracer-0.0.14 akshare-1.18.94 beautifulsoup4-4.15.0 certifi-2026.7.22 cffi-2.1.1 charset_normalizer-3.5.1 cryptography-50.0.1 curl_cffi-0.16.2 decorator-5.3.1 et-xmlfile-2.0.0 googleapis-common-protos-1.75.2 html5lib-1.1 idna-3.19 jsonpath-0.82.2 lxml-6.1.2 numpy-2.4.6 openpyxl-3.1.5 opentelemetry-api-1.44.0 opentelemetry-exporter-otlp-proto-common-1.44.0 opentelemetry-exporter-otlp-proto-http-1.44.0 opentelemetry-proto-1.44.0 opentelemetry-sdk-1.44.0 opentelemetry-semantic-conventions-0.65b0 pandas-2.3.3 protobuf-7.36.0 psycopg-3.3.4 psycopg-binary-3.3.4 py-mini-racer-0.6.0 pycparser-3.0 python-dateutil-2.9.0.post0 pytz-2026.3.post1 redis-6.4.0 requests-2.34.2 six-1.17.0 soupsieve-2.9.2 tabulate-0.10.0 tqdm-4.70.0 typing-extensions-4.16.0 tzdata-2026.3 urllib3-2.7.0 webencodings-0.6.1 xlrd-2.0.2
#9 69.09 WARNING: Running pip as the 'root' user can result in broken permissions and conflicting behaviour with the system package manager. It is recommended to use a virtual environment instead: https://pip.pypa.io/warnings/venv
#9 69.61 
#9 69.61 [notice] A new release of pip is available: 24.0 -> 26.2.1
#9 69.61 [notice] To update, run: pip install --upgrade pip
#9 DONE 71.6s

#10 [5/7] COPY evoagent ./evoagent
#10 DONE 0.3s

#11 [6/7] COPY web ./web
#11 DONE 0.1s

#12 [7/7] COPY skills ./skills
#12 DONE 0.1s

#13 exporting to image
#13 exporting layers
#13 exporting layers 26.3s done
#13 exporting manifest sha256:b0c725ab03e5a93860086acd158c51fb9b1335b41362608b1da4035bca57578c 0.0s done
#13 exporting config sha256:89c25b92e9eeed761d7ef56e46605d56b0e8ef06c048a848f403a13908be755d 0.0s done
#13 exporting attestation manifest sha256:15b12a52305470ec5a2cb1a4813ef2e4ce05cf19d5a2595b54ca883ef22c50f1
#13 exporting attestation manifest sha256:15b12a52305470ec5a2cb1a4813ef2e4ce05cf19d5a2595b54ca883ef22c50f1 0.1s done
#13 exporting manifest list sha256:b37c1f04f121a86777f2b0f2c58775c8e081a866df0eba3057a565f78bbf4a41 0.0s done
#13 naming to docker.io/library/coding-evoagent:latest
#13 naming to docker.io/library/coding-evoagent:latest 0.0s done
#13 unpacking to docker.io/library/coding-evoagent:latest
#13 unpacking to docker.io/library/coding-evoagent:latest 6.3s done
#13 DONE 32.9s

#14 resolving provenance for metadata file
#14 DONE 0.0s
 Image coding-evoagent Built 
